// Jest Snapshot v1, https://goo.gl/fbAQLP

exports[`Input should render correctly 1`] = `
<div
  className="ant-input"
>
  <input
    data-testid="input"
    onChange={[Function]}
    placeholder="Please input something..."
  />
</div>
`;
